I'm sorry, but errors were detected in your script. Please correct the
errors listed below, and try again.


File "game/batlle_system.rpy", line 13: invalid syntax
        menu:

Ren'Py Version: Ren'Py 8.2.1.24030407
Wed Apr  3 17:25:47 2024
